// Jest Snapshot v1, https://goo.gl/fbAQLP

exports[`renders correctly 1`] = `
<View
  style={
    Object {
      "flexDirection": "row",
      "paddingHorizontal": 24,
    }
  }
>
  <Text />
</View>
`;
