// Jest Snapshot v1, https://goo.gl/fbAQLP

exports[`renders correctly 1`] = `
<View
  accessible={true}
  focusable={false}
  onClick={[Function]}
  onResponderGrant={[Function]}
  onResponderMove={[Function]}
  onResponderRelease={[Function]}
  onResponderTerminate={[Function]}
  onResponderTerminationRequest={[Function]}
  onStartShouldSetResponder={[Function]}
  style={
    Object {
      "backgroundColor": "#F5F5F8",
      "borderRadius": 12,
      "flexDirection": "row",
      "opacity": 1,
    }
  }
>
  <Image
    source={
      Object {
        "uri": "testImage",
      }
    }
  />
  <View
    style={
      Object {
        "flex": 1,
      }
    }
  >
    <Text
      style={
        Object {
          "fontFamily": "sans-serif",
          "fontSize": 17,
          "lineHeight": 22,
        }
      }
    >
      testing
    </Text>
    <Text
      style={
        Object {
          "color": "#525C67",
          "fontFamily": "sans-serif",
          "fontSize": 14,
          "lineHeight": 22,
        }
      }
    />
    <Text
      style={
        Object {
          "fontFamily": "sans-serif",
          "fontSize": 17,
          "lineHeight": 22,
          "marginTop": 8,
        }
      }
    >
      $
    </Text>
  </View>
</View>
`;
