// Jest Snapshot v1, https://goo.gl/fbAQLP

exports[`renders correctly 1`] = `
<View
  accessible={true}
  focusable={false}
  onClick={[Function]}
  onResponderGrant={[Function]}
  onResponderMove={[Function]}
  onResponderRelease={[Function]}
  onResponderTerminate={[Function]}
  onResponderTerminationRequest={[Function]}
  onStartShouldSetResponder={[Function]}
  style={
    Object {
      "alignItems": "center",
      "backgroundColor": "#FFFFFF",
      "borderRadius": 12,
      "height": 55,
      "justifyContent": "center",
      "opacity": 1,
    }
  }
>
  <Text
    style={
      Object {
        "fontFamily": "Poppins-Bold",
        "fontSize": 22,
        "lineHeight": 30,
      }
    }
  />
</View>
`;
