// Jest Snapshot v1, https://goo.gl/fbAQLP

exports[`renders correctly 1`] = `
<View
  accessible={true}
  focusable={false}
  onClick={[Function]}
  onResponderGrant={[Function]}
  onResponderMove={[Function]}
  onResponderRelease={[Function]}
  onResponderTerminate={[Function]}
  onResponderTerminationRequest={[Function]}
  onStartShouldSetResponder={[Function]}
  style={
    Object {
      "alignItems": "center",
      "backgroundColor": "#F5F5F8",
      "borderRadius": 12,
      "opacity": 1,
      "padding": 12,
      "width": 200,
    }
  }
>
  <View
    style={
      Object {
        "flexDirection": "row",
      }
    }
  >
    <View
      style={
        Object {
          "flex": 1,
          "flexDirection": "row",
        }
      }
    >
      <Image
        source={1}
        style={
          Object {
            "height": 30,
            "width": 30,
          }
        }
      />
      <Text
        style={
          Object {
            "color": "#525C67",
          }
        }
      >
        0
         calories
      </Text>
    </View>
    <Image
      source={1}
      style={
        Object {
          "height": 20,
          "tintColor": "#898B9A",
          "width": 20,
        }
      }
    />
  </View>
  <View
    style={
      Object {
        "alignItems": "center",
        "borderRadius": 75,
        "height": 150,
        "justifyContent": "center",
        "marginBottom": 19,
        "overflow": "hidden",
        "width": 150,
      }
    }
  >
    <Image
      style={
        Object {
          "height": "100%",
          "width": "100%",
        }
      }
    />
  </View>
  <View
    style={
      Object {
        "alignItems": "center",
        "marginTop": -20,
      }
    }
  >
    <Text
      style={
        Object {
          "fontFamily": "sans-serif",
          "fontSize": 16,
          "lineHeight": 22,
        }
      }
    >
      testing
    </Text>
    <Text
      style={
        Object {
          "fontFamily": "sans-serif",
          "fontSize": 16,
          "lineHeight": 22,
          "marginTop": 12,
        }
      }
    />
  </View>
</View>
`;
