// Jest Snapshot v1, https://goo.gl/fbAQLP

exports[`<App /> matches last snapshot 1`] = `
<View
  style={
    Array [
      Object {
        "flex": 1,
        "justifyContent": "center",
      },
      Object {
        "flexDirection": "row",
        "justifyContent": "space-around",
        "padding": 10,
      },
    ]
  }
>
  <ActivityIndicator
    animating={true}
    color="#FF6C44"
    hidesWhenStopped={true}
    size="large"
  />
</View>
`;

exports[`<App /> renders correctly 1`] = `
<View
  style={
    Array [
      Object {
        "flex": 1,
        "justifyContent": "center",
      },
      Object {
        "flexDirection": "row",
        "justifyContent": "space-around",
        "padding": 10,
      },
    ]
  }
>
  <ActivityIndicator
    animating={true}
    color="#FF6C44"
    hidesWhenStopped={true}
    size="large"
  />
</View>
`;
